// Jest Snapshot v1, https://goo.gl/fbAQLP

exports[`<ListLoader /> renders correctly 1`] = `
<Component
  style={
    Object {
      "paddingVertical": 15,
    }
  }
>
  <Component />
</Component>
`;
