// Jest Snapshot v1, https://goo.gl/fbAQLP

exports[`<PhotoSingleScreen> renders correctly 1`] = `
<View
  style={
    Object {
      "flex": 1,
    }
  }
>
  <PhotoView
    androidScaleType="center"
    maximumZoomScale={3}
    minimumZoomScale={0.9}
    onLoad={[Function]}
    source={
      Object {
        "uri": "https://images.unsplash.com/photo-1524562596000-38f0dbe5b07a?ixlib=rb-0.3.5&q=80&fm=jpg&crop=entropy&cs=tinysrgb&w=400&fit=max&ixid=eyJhcHBfaWQiOjI0NzMwfQ&s=6642c2d7e15fc4a1d2b0d8bd65835e65",
      }
    }
    style={
      Object {
        "flex": 1,
        "width": "100%",
      }
    }
  />
  <View
    style={
      Object {
        "height": 64,
        "justifyContent": "flex-end",
        "position": "absolute",
      }
    }
  >
    <TouchableOpacity
      activeOpacity={0.2}
      style={
        Object {
          "backgroundColor": "grey",
        }
      }
    />
  </View>
</View>
`;
